// Jest Snapshot v1, https://goo.gl/fbAQLP

exports[`Renders Correctly 1`] = `
<div>
  <h1>
    Hello World!
  </h1>
  <h2>
    The time is: 
    3:47:36 PM
  </h2>
</div>
`;
